DESCRIPTION BY .gulp.json in directory foo/bar/baz
└── default
