Description by .gulp.json in directory foo/bar
└── default
