description by .gulp.js in directory qux
└── default
