{
  "label": "Label of Top node",
  "nodes": [
    {
      "label": "Label of node 1",
      "branch": true,
      "nodes": []
    },
    {
      "label": "Label of node 2",
      "branch": true,
      "nodes": []
    },
    {
      "label": "Label of node 3",
      "nodes": []
    }
  ]
}
