gulp-cli/test/fixtures/gulpfiles
├── exported
└── registered
