gulp-cli/test
├─┬ default
│ └─┬ <series>
│   ├── task1
│   └─┬ <parallel>
│     ├── task2
│     └── task3
├── no-desc
├── task1    Description for gulp.task("task1")
├── task2    Description for gulp.task("task2").unwrap()
└── task3    Use gulp.task("task3").description preferentially
