gulp-cli/test/fixtures/gulpfiles
├─┬ taskC
│ └── <series>
├─┬ taskB
│ └── <parallel>
└─┬ default
  └── <parallel>
