{"label":"gulp-cli/test/fixtures/gulpfiles","nodes":[{"label":"test1","type":"task","nodes":[{"label":"<series>","type":"function","branch":true,"nodes":[{"label":"noop","type":"function","nodes":[]}]}]},{"label":"test2","type":"task","nodes":[{"label":"<series>","type":"function","branch":true,"nodes":[{"label":"test1","type":"task","nodes":[{"label":"<series>","type":"function","branch":true,"nodes":[{"label":"noop","type":"function","nodes":[]}]}]},{"label":"noop","type":"function","nodes":[]}]}]},{"label":"test3","type":"task","nodes":[{"label":"<series>","type":"function","branch":true,"nodes":[{"label":"described","type":"function","nodes":[]}]}]},{"label":"test4","type":"task","nodes":[{"label":"<series>","type":"function","branch":true,"nodes":[{"label":"errorFunction","type":"function","nodes":[]},{"label":"anon","type":"function","nodes":[]}]}]},{"label":"test5","nodes":[],"type":"task"},{"label":"test6","nodes":[],"type":"task"},{"label":"default","type":"task","nodes":[{"label":"<series>","type":"function","branch":true,"nodes":[{"label":"test1","type":"task","nodes":[{"label":"<series>","type":"function","branch":true,"nodes":[{"label":"noop","type":"function","nodes":[]}]}]},{"label":"test3","type":"task","nodes":[{"label":"<series>","type":"function","branch":true,"nodes":[{"label":"described","type":"function","nodes":[]}]}]},{"label":"noop","type":"function","nodes":[]}]}]}]}
