gulp-cli/test/fixtures/gulpfiles
├── taskC
├── taskB
└── default
