gulp-cli/test/fixtures/gulpfiles
├─┬ taskC
│ └─┬ <series>
│   ├── func1
│   └── func2
├─┬ taskB
│ └─┬ <parallel>
│   ├── func3
│   └─┬ taskC
│     └─┬ <series>
│       ├── func1
│       └── func2
└─┬ default
  └─┬ <parallel>
    ├─┬ taskC
    │ └─┬ <series>
    │   ├── func1
    │   └── func2
    └─┬ <series>
      ├─┬ taskB
      │ └─┬ <parallel>
      │   ├── func3
      │   └─┬ taskC
      │     └─┬ <series>
      │       ├── func1
      │       └── func2
      └── func4
