gulp-cli/test/fixtures/gulpfiles
├── build
├── clean
├─┬ dist
│ └─┬ <series>
│   ├── clean
│   └── build
├── f-test
├─┬ p
│ └─┬ <parallel>
│   ├── p1
│   └── p2
├─┬ p-test
│ └─┬ <parallel>
│   ├── p1
│   └── p2
└─┬ s-test
  └─┬ <series>
    ├── clean
    └── build
